  fetching BTC/USD M1 from 2024-11-01 00:00:00 → 2026-05-03 00:00:00 in 20-day chunks
  2024-11-01 → 2024-11-21: 28,795 bars  (cum 28,795, 1s)
  2024-11-21 → 2024-12-11: 28,791 bars  (cum 57,586, 2s)
  2024-12-11 → 2024-12-31: 28,078 bars  (cum 85,664, 3s)
  2024-12-31 → 2025-01-20: 27,400 bars  (cum 113,064, 4s)
  2025-01-20 → 2025-02-09: 28,766 bars  (cum 141,830, 5s)
  2025-02-09 → 2025-03-01: 28,733 bars  (cum 170,563, 6s)
  2025-03-01 → 2025-03-21: 28,757 bars  (cum 199,320, 7s)
  2025-03-21 → 2025-04-10: 28,668 bars  (cum 227,988, 8s)
  2025-04-10 → 2025-04-30: 28,742 bars  (cum 256,730, 9s)
  2025-04-30 → 2025-05-20: 28,727 bars  (cum 285,457, 10s)
  2025-05-20 → 2025-06-09: 28,730 bars  (cum 314,187, 12s)
  2025-06-09 → 2025-06-29: 28,763 bars  (cum 342,950, 13s)
  2025-06-29 → 2025-07-19: 28,778 bars  (cum 371,728, 14s)
  2025-07-19 → 2025-08-08: 28,794 bars  (cum 400,522, 15s)
  2025-08-08 → 2025-08-28: 28,782 bars  (cum 429,304, 17s)
  2025-08-28 → 2025-09-17: 28,772 bars  (cum 458,076, 18s)
  2025-09-17 → 2025-10-07: 28,764 bars  (cum 486,840, 19s)
  2025-10-07 → 2025-10-27: 28,860 bars  (cum 515,700, 20s)
  2025-10-27 → 2025-11-16: 28,799 bars  (cum 544,499, 21s)
  2025-11-16 → 2025-12-06: 28,800 bars  (cum 573,299, 22s)
  → checkpointed m1_btc_full.parquet (573,280 bars)
  2025-12-06 → 2025-12-26: 28,744 bars  (cum 602,043, 23s)
  2025-12-26 → 2026-01-15: 27,356 bars  (cum 629,399, 24s)
  2026-01-15 → 2026-02-04: 28,657 bars  (cum 658,056, 25s)
  2026-02-04 → 2026-02-24: 28,797 bars  (cum 686,853, 26s)
  2026-02-24 → 2026-03-16: 28,776 bars  (cum 715,629, 27s)
  2026-03-16 → 2026-04-05: 28,724 bars  (cum 744,353, 29s)
  2026-04-05 → 2026-04-25: 28,795 bars  (cum 773,148, 30s)
  2026-04-25 → 2026-05-03: 11,499 bars  (cum 784,647, 31s)

  TOTAL 784,620 bars  range: 2024-10-31 23:00:00 → 2026-05-02 22:00:00
  saved /home/jay/Desktop/new-model-zigzag/data/m1_btc_full.parquet  (32s)
