[     0s] loading DJI M1...
[     9s] 2,833,251 bars, zigzag legs mean len 31 bars
[     9s] === VARIANT REH ===
[    65s]   phase P1_2018-19 done | P1_2018-19: PF 0.68 -4941R
[   127s]   phase P2_2020-21 done | P1_2018-19: PF 0.75 -1662R | P2_2020-21: PF 0.71 -1823R
[   186s]   phase P3_2022-23 done | P1_2018-19: PF 0.71 -1690R | P2_2020-21: PF 0.72 -1521R | P3_2022-23: PF 0.82 -923R
[   247s]   phase P4_2024 done | P1_2018-19: PF 0.78 -1343R | P2_2020-21: PF 0.75 -1566R | P3_2022-23: PF 0.88 -637R | P4_2024: PF 0.75 -784R
[   261s] === VARIANT NOREH ===
[   314s]   phase P1_2018-19 done | P1_2018-19: PF 0.68 -4941R
[   372s]   phase P2_2020-21 done | P1_2018-19: PF 0.72 -1756R | P2_2020-21: PF 0.73 -1546R
[   431s]   phase P3_2022-23 done | P1_2018-19: PF 0.70 -1644R | P2_2020-21: PF 0.71 -1404R | P3_2022-23: PF 0.79 -970R
[   492s]   phase P4_2024 done | P1_2018-19: PF 0.70 -1655R | P2_2020-21: PF 0.69 -1558R | P3_2022-23: PF 0.81 -910R | P4_2024: PF 0.71 -885R
[   505s] === VARIANT JOINT ===
[   718s]   phase JOINT_ALL done | P1_2018-19: PF 0.87 -2267R | P2_2020-21: PF 0.90 -1643R | P3_2022-23: PF 0.96 -615R | P4_2024: PF 0.85 -1273R

==========================================================================================
FORGETTING MATRIX (PF on each chunk after each phase) — REH vs NOREH
==========================================================================================

[REH]
  after P1_2018-19   P1_2018-19:  0.68
  after P2_2020-21   P1_2018-19:  0.75  P2_2020-21:  0.71
  after P3_2022-23   P1_2018-19:  0.71  P2_2020-21:  0.72  P3_2022-23:  0.82
  after P4_2024      P1_2018-19:  0.78  P2_2020-21:  0.75  P3_2022-23:  0.88  P4_2024:  0.75

[NOREH]
  after P1_2018-19   P1_2018-19:  0.68
  after P2_2020-21   P1_2018-19:  0.72  P2_2020-21:  0.73
  after P3_2022-23   P1_2018-19:  0.70  P2_2020-21:  0.71  P3_2022-23:  0.79
  after P4_2024      P1_2018-19:  0.70  P2_2020-21:  0.69  P3_2022-23:  0.81  P4_2024:  0.71

==========================================================================================
FINAL EVAL (net @ 1.5pt spread) — all chunks + UNTOUCHED HOLDOUT
==========================================================================================
chunk                                  REH                     NOREH                     JOINT
P1_2018-19        PF  0.78    -1343R  6.3/d  PF  0.70    -1655R  6.1/d  PF  0.87    -2267R 13.9/d
P2_2020-21        PF  0.75    -1566R  5.8/d  PF  0.69    -1558R  4.9/d  PF  0.90    -1643R 13.6/d
P3_2022-23        PF  0.88     -637R  6.0/d  PF  0.81     -910R  5.9/d  PF  0.96     -615R 13.5/d
P4_2024           PF  0.75     -784R  6.1/d  PF  0.71     -885R  6.3/d  PF  0.85    -1273R 13.8/d
HOLDOUT_2025+     PF  0.84     -657R  5.8/d  PF  0.84     -580R  5.9/d  PF  0.95     -557R 13.8/d
[   733s] done -> /home/jay/Desktop/new-model-zigzag/experiments/rl_zigzag_curriculum/rl_zigzag_holdout.png
