BTC 4,082,748 bars  2018-01-01 22:01:00 -> 2026-05-02 21:59:00
  candidates 67,074  median hold 23 bars  p90 70  (76s)
  window 2022-01-01 done (80s)
  window 2022-04-01 done (84s)
  window 2022-07-01 done (87s)
  window 2022-10-01 done (90s)
  window 2023-01-01 done (93s)
  window 2023-04-01 done (97s)
  window 2023-07-01 done (101s)
  window 2023-10-01 done (105s)
  window 2024-01-01 done (109s)
  window 2024-04-01 done (113s)
  window 2024-07-01 done (117s)
  window 2024-10-01 done (121s)
  window 2025-01-01 done (124s)
  window 2025-04-01 done (128s)
  window 2025-07-01 done (132s)
  window 2025-10-01 done (137s)
  window 2026-01-01 done (145s)
  window 2026-04-01 done (149s)

==========================================================================
ATLAS BTC strict-candle, Q>=3.0, spread 0.30R — DEV 2022-2024 (selection)
==========================================================================
variant                n     sumR  medPF   WR%    w+
base (deployed)    20092   +15302   1.43    70  12/12
tt30/0.75          20092   +19464   1.70    77  12/12
tt30/0.5           20092   +20833   1.78    78  12/12
tt60/0.75          20092   +17788   1.54    73  12/12
tt60/1.0           20092   +17185   1.51    73  12/12
tt90/1.0           20092   +16140   1.47    72  12/12
uni1/0.5 (ctrl)    20092   +14385   1.81    85  12/12

==========================================================================
ATLAS BTC strict-candle, Q>=3.0, spread 0.30R — HOLDOUT 2025+ (untouched)
==========================================================================
variant                n     sumR  medPF   WR%    w+
base (deployed)     7392    +3976   1.26    72   6/6 
tt30/0.75           7392    +6280   1.68    79   6/6 
tt30/0.5            7392    +7049   1.77    81   6/6 
tt60/0.75           7392    +5471   1.50    76   6/6 
tt60/1.0            7392    +5089   1.44    75   6/6 
tt90/1.0            7392    +4596   1.35    73   6/6 
uni1/0.5 (ctrl)     7392    +4953   1.84    86   6/6 

(149s) btc lab done
