DJI 2,792,156 bars  2018-01-02 07:05:00 -> 2026-05-26 23:59:00
  candidates 40,544  median hold 32 bars  p90 97  (51s)
  window 2022-01-01 done (58s)
  window 2022-04-01 done (64s)
  window 2022-07-01 done (70s)
  window 2022-10-01 done (78s)
  window 2023-01-01 done (84s)
  window 2023-04-01 done (92s)
  window 2023-07-01 done (96s)
  window 2023-10-01 done (100s)
  window 2024-01-01 done (105s)
  window 2024-04-01 done (110s)
  window 2024-07-01 done (114s)
  window 2024-10-01 done (119s)
  window 2025-01-01 done (124s)
  window 2025-04-01 done (128s)
  window 2025-07-01 done (132s)
  window 2025-10-01 done (135s)
  window 2026-01-01 done (138s)
  window 2026-04-01 done (141s)

==========================================================================
ATLAS DJI strict-candle, Q>=3.0, spread 0.30R — DEV 2022-2024 (selection)
==========================================================================
variant                n     sumR  medPF   WR%    w+
base (deployed)     7071    +2445   1.25    69  10/12
tt30/0.75           7071    +4542   1.55    78  12/12
tt30/0.5            7071    +5401   1.67    80  12/12
tt60/0.75           7071    +3601   1.42    73  12/12
tt60/1.0            7071    +3249   1.37    72  11/12
tt90/1.0            7071    +2919   1.31    71  10/12
uni1/0.5 (ctrl)     7071    +2864   1.52    84  12/12

==========================================================================
ATLAS DJI strict-candle, Q>=3.0, spread 0.30R — HOLDOUT 2025+ (untouched)
==========================================================================
variant                n     sumR  medPF   WR%    w+
base (deployed)     2977    +1243   1.27    69   5/6 
tt30/0.75           2977    +2089   1.54    78   6/6 
tt30/0.5            2977    +2370   1.66    79   6/6 
tt60/0.75           2977    +1817   1.40    74   6/6 
tt60/1.0            2977    +1665   1.36    73   5/6 
tt90/1.0            2977    +1543   1.32    71   5/6 
uni1/0.5 (ctrl)     2977    +1289   1.39    84   6/6 

(141s) btc lab done
