[v88] reverse-setup RL exit: threshold=5.0 min_bars=8  (env: EDGEPREDICTOR_V88_THRESHOLD / EDGEPREDICTOR_V88_MIN_BARS)
[RL] regime-direction lock: ON  (Uptrend→long only, Downtrend→short only; env: EDGEPREDICTOR_RL_REGIME_LOCK=0 to disable)
[   35s] features done
[   36s] global sims...
[   40s] 13 sims done
[   56s] window 2020-07-01 done
[   70s] window 2021-01-01 done
[   82s] window 2021-07-01 done
[   98s] window 2022-01-01 done
[  113s] window 2022-07-01 done
[  126s] window 2023-01-01 done
[  138s] window 2023-07-01 done
[  149s] window 2024-01-01 done
[  161s] window 2024-07-01 done
[  174s] window 2025-01-01 done
[  187s] window 2025-07-01 done
[  201s] window 2026-01-01 done

LOSS COMPOSITION — base_tt, all taken trades (net@20c):
  hardSL     n=  2829  sum    -21102R
  trail      n= 13871  sum    +25935R
  timeout    n=    66  sum      -205R

================================================================================
ATLAS XAU loser-exit lab — DEV (selection)
================================================================================
variant                   n  /day  net@10c  net@20c  net@30c  w+@20   WR%
base_tt (deployed)    12503  10.8    +5608    +2361     -885   8/9     66
A_sl30/2              12552  10.8    +1788    -1545    -4877   2/9     56
A_sl30/3              12405  10.7    +2691     -598    -3887   2/9     59
A_sl30/4              12444  10.7    +3713     +432    -2850   4/9     61
A_sl60/2              12332  10.6    +5324    +2069    -1187   9/9     63
A_sl60/3              12428  10.7    +5351    +2066    -1219   9/9     64
A_sl60/4              12501  10.8    +5413    +2122    -1168   9/9     64
B_uw30/-1             12613  10.9    +5177    +1818    -1541   9/9     60
B_uw30/-2             12514  10.8    +5184    +1862    -1459   9/9     61
B_uw60/-1             12356  10.6    +5361    +2094    -1173   9/9     63
B_uw60/-2             12315  10.6    +5352    +2102    -1148   9/9     63
C_regflip             12718  11.0    +3358      +11    -3335   5/9     54
AC_sl60/3+rf          12898  11.1    +3267     -142    -3552   4/9     53

================================================================================
ATLAS XAU loser-exit lab — HOLDOUT (untouched)
================================================================================
variant                   n  /day  net@10c  net@20c  net@30c  w+@20   WR%
base_tt (deployed)     4263  12.5    +2616    +2267    +1917   3/3     77
A_sl30/2               4596  13.5    +1535    +1160     +785   3/3     64
A_sl30/3               4515  13.3    +1881    +1513    +1145   3/3     68
A_sl30/4               4440  13.1    +2125    +1764    +1403   3/3     71
A_sl60/2               4383  12.9    +2615    +2257    +1899   3/3     74
A_sl60/3               4344  12.8    +2582    +2227    +1872   3/3     74
A_sl60/4               4313  12.7    +2585    +2233    +1881   3/3     75
B_uw30/-1              4625  13.6    +2665    +2288    +1911   3/3     69
B_uw30/-2              4564  13.4    +2665    +2292    +1920   3/3     71
B_uw60/-1              4400  12.9    +2596    +2236    +1877   3/3     73
B_uw60/-2              4373  12.8    +2587    +2229    +1872   3/3     74
C_regflip              4578  13.5    +2123    +1759    +1396   3/3     62
AC_sl60/3+rf           4477  13.3    +2007    +1656    +1304   3/3     61
[  201s] losers lab done
