[v88] reverse-setup RL exit: threshold=5.0 min_bars=8  (env: EDGEPREDICTOR_V88_THRESHOLD / EDGEPREDICTOR_V88_MIN_BARS)
[RL] regime-direction lock: ON  (Uptrend→long only, Downtrend→short only; env: EDGEPREDICTOR_RL_REGIME_LOCK=0 to disable)
[   32s] features done
[   32s] global sims...
[   34s] sims done
[   63s] window 2020-07-01 done
[   90s] window 2021-01-01 done
[  116s] window 2021-07-01 done
[  142s] window 2022-01-01 done
[  168s] window 2022-07-01 done
[  194s] window 2023-01-01 done
[  217s] window 2023-07-01 done
[  240s] window 2024-01-01 done
[  263s] window 2024-07-01 done
[  289s] window 2025-01-01 done
[  316s] window 2025-07-01 done
[  342s] window 2026-01-01 done

====================================================================================
PLATEAU — trail 2 -> tight_trail after tight_after bars (net R, ~11/day)
====================================================================================
config           DEV net@20 DEV net@30  DEV w+ HOLD net@20 HOLD net@30  HOLD w+
base (no tt)          -1787      -4811    1/9        +1080        +776     3/3 
ta= 10 tt=0.5         +3239        -58    9/9        +2325       +1961     3/3 
ta= 10 tt=0.75        +1936      -1177    8/9        +1653       +1297     3/3 
ta= 20 tt=0.5         +4018       +745    9/9        +2675       +2327     3/3 
ta= 20 tt=0.75        +2354       -853    8/9        +2175       +1827     3/3 
ta= 30 tt=0.5         +4191      +1015    9/9        +3000       +2647     3/3 
ta= 30 tt=0.75        +2745       -392    8/9        +2301       +1957     3/3 
ta=  1 tt=1.5         -2150      -5261    1/9        +1015        +687     3/3 
ta=  1 tt=1.0          -881      -4088    3/9         +940        +599     3/3 
ta=  1 tt=0.75          +30      -3200    3/9         +950        +593     3/3 
ta=  1 tt=0.5          +176      -2951    4/9        +1045        +663     3/3 
lm ta60 tt1.0         +2361       -885    8/9        +2267       +1917     3/3    (model trained on tt60 labels)

holding bars [base]: mean 56  median 36  p90 125  max 300

holding bars [tt60]: mean 34  median 30  p90 57  max 300
[  342s] sweep done
