loaded 2,833,251 bars 2018-01-02 07:05:00 → 2026-05-27 00:00:00  (1s)
computing causal features over full history ...
  features done (27s)
candidates 909,298  (28s)

======================================================================================
HERMES DJI 8Y WALK-FORWARD (causal retrain, train3y/test6m, q>=3.0, 1-slot live exit)
======================================================================================
test window              n_tr  trades     sumR     WR     PF     DD
2020-07-01→2021-01-01  264,646     101     +6.0    49%   1.03     28
2021-01-01→2021-07-01  323,098      44    +45.4    50%   1.69     24
2021-07-01→2022-01-01  336,441      66    -34.8    47%   0.75     44
2022-01-01→2022-07-01  337,878     105    -31.2    43%   0.85     71
2022-07-01→2023-01-01  335,780      71    -31.8    39%   0.74     59
2023-01-01→2023-07-01  332,510      37     -8.5    49%   0.87     23
2023-07-01→2024-01-01  332,076      43    -24.2    40%   0.75     35
2024-01-01→2024-07-01  326,610      27     +8.5    48%   1.17     28
2024-07-01→2025-01-01  323,212      51    +56.7    63%   1.92     10
2025-01-01→2025-07-01  320,398      89    +20.8    43%   1.13     40
2025-07-01→2026-01-01  319,132      30    -13.9    47%   0.77     22
2026-01-01→2026-07-01  321,849      70    +35.4    49%   1.29     45

  12 windows | total 734 trades | sumR +28.4
  windows PF>1: 6/12   PF>1.3: 2/12   profitable: 6/12
  median PF 0.95  | worst window sumR -34.8  | best +56.7

  VERDICT: NOT ROBUST — do not deploy

(total 196s)
